// Jest Snapshot v1, https://goo.gl/fbAQLP

exports[`PrimaryButton component Matches snapshot 1`] = `
<button
  class="undefined rounded border p-4 m-2 font-extrabold text-center hover:bg-blue-50 active:bg-blue-100 hover:cursor-pointer"
  data-testid="Mock ID"
>
  Mock Text
</button>
`;
